Checking path: C:\Users\Sebek\sebit-app\.env.local
File found. Size: 377

--- Testing API ---
Using API Key: UNDEFINED
node : CRITICAL: API Key is missing. Ab
orting.
At line:1 char:1
+ node scripts/test-ai.mjs > test-outpu
t.txt 2>&1
+ ~~~~~~~~~~~~~~~~~~~~~~~~~~~~~~~~~~~~~
~~~~~~~~~~
    + CategoryInfo          : NotSpeci 
   fied: (CRITICAL: API Key is missin  
  g. Aborting.:String) [], RemoteExc   
 eption
    + FullyQualifiedErrorId : NativeCo 
   mmandError
 
